
[1m[46m RUN [49m[22m [36mv4.0.16 [39m[90mC:/Users/taywe/Desktop/Projects/pebble-tech/sales-hub[39m

node.exe : [90mstderr[2m | src/__tests__/Campai
gnsPageCommission.test.tsx[2m > 
[22m[2mCampaignsPage Commission Display[2m > 
[22m[2mcalculates and displays commission 
correctly
At D:\nodejs\npx.ps1:29 char:3
+   & $NODE_EXE $NPX_CLI_JS $args
+   ~~~~~~~~~~~~~~~~~~~~~~~~~~~~~
    + CategoryInfo          : NotSpecified: ([9 
   0mstderr[2m...ssion correctly:String) [], R  
  emoteException
    + FullyQualifiedErrorId : NativeCommandError
 
[22m[39mΓÜá∩╕Å React Router Future Flag 
Warning: React Router will begin wrapping state 
updates in `React.startTransition` in v7. You 
can use the `v7_startTransition` future flag to 
opt-in early. For more information, see https://r
eactrouter.com/v6/upgrading/future#v7_starttransi
tion.
ΓÜá∩╕Å React Router Future Flag Warning: 
Relative route resolution within Splat routes is 
changing in v7. You can use the 
`v7_relativeSplatPath` future flag to opt-in 
early. For more information, see https://reactrou
ter.com/v6/upgrading/future#v7_relativesplatpath.

 [31mΓ¥»[39m src/__tests__/CampaignsPageCommission.test.tsx [2m([22m[2m1 test[22m[2m | [22m[31m1 failed[39m[2m)[22m[33m 1043[2mms[22m[39m
[31m     [31m├ù[31m calculates and displays commission correctly[39m[33m 1041[2mms[22m[39m

[31mΓÄ»ΓÄ»ΓÄ»ΓÄ»ΓÄ»ΓÄ»ΓÄ»[39m[1m[41m Failed 
Tests 1 [49m[22m[31mΓÄ»ΓÄ»ΓÄ»ΓÄ»ΓÄ»ΓÄ»ΓÄ»[39m

[41m[1m FAIL [22m[49m src/__tests__/Campaigns
PageCommission.test.tsx[2m > [22mCampaignsPage 
Commission Display[2m > [22mcalculates and 
displays commission correctly
[31m[1mTestingLibraryElementError[22m: Unable 
to find an element with the text: Campaign 1. 
This could be because the text is broken up by 
multiple elements. In this case, you can provide 
a function for your text matcher to make your 
matcher more flexible.

Ignored nodes: comments, script, style
[36m<body>[31m
  [36m<div />[31m
[36m</body>[31m

Ignored nodes: comments, script, style
[36m<html>[31m
  [36m<head />[31m
  [36m<body>[31m
    [36m<div />[31m
  [36m</body>[31m
[36m</html>[31m...[39m
[90m [2mΓ¥»[22m Proxy.waitFor node_modules/@te
sting-library/dom/dist/wait-for.js:[2m163:27[22
m[39m
[36m [2mΓ¥»[22m src/__tests__/CampaignsPageCom
mission.test.tsx:[2m96:15[22m[39m
    [90m 94| [39m
    [90m 95| [39m        [90m// Wait for data 
to load[39m
    [90m 96| [39m        [35mawait[39m 
[34mwaitFor[39m(() [33m=>[39m {
    [90m   | [39m              [31m^[39m
    [90m 97| [39m            [34mexpect[39m(s
creen[33m.[39m[34mgetByText[39m([32m'Campaig
n 1'[39m))[33m.[39m[34mtoBeInTheDocument[39m
()[33m;[39m
    [90m 98| [39m        })[33m;[39m

[31m[2mΓÄ»ΓÄ»ΓÄ»ΓÄ»ΓÄ»ΓÄ»ΓÄ»ΓÄ»ΓÄ»ΓÄ»ΓÄ»ΓÄ»ΓÄ»Γ
Ä»ΓÄ»ΓÄ»ΓÄ»ΓÄ»ΓÄ»ΓÄ»ΓÄ»ΓÄ»ΓÄ»ΓÄ»[1/1]ΓÄ»[22m[39
m


[2m Test Files [22m [1m[31m1 failed[39m[22m[90m (1)[39m
[2m      Tests [22m [1m[31m1 failed[39m[22m[90m (1)[39m
[2m   Start at [22m 14:34:46
[2m   Duration [22m 3.59s[2m (transform 322ms, setup 149ms, import 1.38s, tests 1.04s, environment 831ms)[22m

